  Running smoke tests...
Running smoke tests for production-ml-platform...
SARIF generated: sarif_output.json
  Smoke tests PASSED.
  Collected SARIF: production-ml-platform_sarif.json
  Generating SBOM...
Generating SBOM using Syft...
syft dir:. -o cyclonedx-json > sbom.json
[0;90m[0002][0m [0;33m WARN[0m no explicit name and version provided for directory source, deriving artifact ID from the given path (which is not ideal)
SBOM generated: sbom.json
  SBOM generation PASSED.
  Collected SBOM: production-ml-platform_sbom.json
  Generating Provenance...
Generating SLSA provenance (simulated for local dev)...
# In a real CI/CD pipeline, this would use cosign to sign the artifact and generate an in-toto attestation
# e.g., cosign sign-blob --key cosign.key sbom.json
echo '{"_type": "https://in-toto.io/Statement/v0.1", "subject": [{"name": "production-ml-platform", "digest": {"sha256": "..."}}], "predicateType": "https://slsa.dev/provenance/v0.2", "predicate": {"builder": {"id": "https://github.com/poojakira/production-ml-platform"}, "buildType": "https://github.com/poojakira/production-ml-platform/Makefile", "invocation": {"configSource": {"uri": "https://github.com/poojakira/production-ml-platform", "digest": {"sha1": "..."}}}}}' > provenance.json
Provenance generated: provenance.json
  Provenance generation PASSED.
  Collected Provenance: production-ml-platform_provenance.json
